Bï¿½ï¿½Jï¿½ï¿½Ñ¹esp32: SPI Flash Size ï¿½ets Jul 29 2019 12:21:46

rst:0x1 (POWERON_RESET),boot:0x13 (SPI_FAST_FLASH_BOOT)
configsip: 0, SPIWP:0xee
clk_drv:0x00,q_drv:0x00,d_drv:0x00,cs0_drv:0x00,hd_drv:0x00,wp_drv:0x00
mode:DIO, clock div:2
load:0x3fff0030,len:6276
load:0x40078000,len:15736
load:0x40080400,len:4
load:0x40080404,len:3860
entry 0x4008063c
[0;32mI (29) boot: ESP-IDF v5.4.2 2nd stage bootloader[0m
[0;32mI (29) boot: compile time Oct 16 2025 10:02:34[0m
[0;32mI (29) boot: Multicore bootloader[0m
[0;32mI (31) boot: chip revision: v3.1[0m
[0;32mI (34) boot.esp32: SPI Speed      : 40MHz[0m
[0;32mI (37) boot.esp32: SPI Mode       : DIO[0m
[0;32mI (41) boot.esp32: SPI Flash Size : 2MB[0m
[0;32mI (44) boot: Enabling RNG early entropy source...[0m
[0;32mI (49) boot: Partition Table:[0m
[0;32mI (51) boot: ## Label            Usage          Type ST Offset   Length[0m
[0;32mI (58) boot:  0 nvs              WiFi data        01 02 00009000 00006000[0m
[0;32mI (64) boot:  1 phy_init         RF data          01 01 0000f000 00001000[0m
[0;32mI (71) boot:  2 factory          factory app      00 00 00010000 00177000[0m
[0;32mI (77) boot: End of partition table[0m
[0;32mI (81) esp_image: segment 0: paddr=00010020 vaddr=3f400020 size=3b210h (242192) map[0m
[0;32mI (171) esp_image: segment 1: paddr=0004b238 vaddr=3ff80000 size=0001ch (    28) load[0m
[0;32mI (171) esp_image: segment 2: paddr=0004b25c vaddr=3ffbdb60 size=04dbch ( 19900) load[0m
[0;32mI (182) esp_image: segment 3: paddr=00050020 vaddr=400d0020 size=10bb78h (1096568) map[0m
[0;32mI (557) esp_image: segment 4: paddr=0015bba0 vaddr=3ffc291c size=01330h (  4912) load[0m
[0;32mI (559) esp_image: segment 5: paddr=0015ced8 vaddr=40080000 size=1ec20h (125984) load[0m
[0;32mI (625) boot: Loaded app from partition at offset 0x10000[0m
[0;32mI (625) boot: Disabling RNG early entropy source...[0m
[0;32mI (635) cpu_start: Multicore app[0m
[0;32mI (644) cpu_start: Pro cpu start user code[0m
[0;32mI (644) cpu_start: cpu freq: 160000000 Hz[0m
[0;32mI (644) app_init: Application information:[0m
[0;32mI (644) app_init: Project name:     Gateway[0m
[0;32mI (648) app_init: App version:      1[0m
[0;32mI (651) app_init: Compile time:     Oct 16 2025 10:01:41[0m
[0;32mI (656) app_init: ELF file SHA256:  811714854...[0m
[0;32mI (661) app_init: ESP-IDF:          v5.4.2[0m
[0;32mI (664) efuse_init: Min chip rev:     v0.0[0m
[0;32mI (668) efuse_init: Max chip rev:     v3.99 [0m
[0;32mI (672) efuse_init: Chip rev:         v3.1[0m
[0;32mI (676) heap_init: Initializing. RAM available for dynamic allocation:[0m
[0;32mI (683) heap_init: At 3FFAFF10 len 000000F0 (0 KiB): DRAM[0m
[0;32mI (687) heap_init: At 3FFB6388 len 00001C78 (7 KiB): DRAM[0m
[0;32mI (693) heap_init: At 3FFB9A20 len 00004108 (16 KiB): DRAM[0m
[0;32mI (698) heap_init: At 3FFCF810 len 000107F0 (65 KiB): DRAM[0m
[0;32mI (703) heap_init: At 3FFE0440 len 00003AE0 (14 KiB): D/IRAM[0m
[0;32mI (708) heap_init: At 3FFE4350 len 0001BCB0 (111 KiB): D/IRAM[0m
[0;32mI (714) heap_init: At 4009EC20 len 000013E0 (4 KiB): IRAM[0m
[0;32mI (721) spi_flash: detected chip: generic[0m
[0;32mI (723) spi_flash: flash io: dio[0m
[0;33mW (726) spi_flash: Detected size(4096k) larger than the size in the binary image header(2048k). Using the size in the binary image header.[0m
[0;32mI (739) coexist: coex firmware version: 7b9a184[0m
[0;32mI (743) main_task: Started on CPU0[0m
[0;32mI (753) main_task: Calling app_main()[0m
[0;32mI (753) EXAMPLE: Initializing...[0m
[0;32mI (773) BTDM_INIT: BT controller compile version [b992c7d][0m
[0;32mI (773) BTDM_INIT: Bluetooth MAC: cc:7b:5c:f0:6f:de[0m
[0;32mI (783) phy_init: phy_version 4860,6b7a6e5,Feb  6 2025,14:47:07[0m
[0;32mI (853) phy_init: Saving new calibration data due to checksum failure or outdated calibration data, mode(0)[0m
[0;32mI (1173) wifi:wifi driver task: 3ffda514, prio:23, stack:6656, core=0[0m
[0;32mI (1183) wifi:wifi firmware version: bea31f3[0m
[0;32mI (1183) wifi:wifi certification version: v7.0[0m
[0;32mI (1183) wifi:config NVS flash: enabled[0m
[0;32mI (1183) wifi:config nano formatting: disabled[0m
[0;32mI (1193) wifi:Init data frame dynamic rx buffer num: 32[0m
[0;32mI (1193) wifi:Init static rx mgmt buffer num: 5[0m
[0;32mI (1193) wifi:Init management short buffer num: 32[0m
[0;32mI (1203) wifi:Init dynamic tx buffer num: 32[0m
[0;32mI (1203) wifi:Init static rx buffer size: 1600[0m
[0;32mI (1213) wifi:Init static rx buffer num: 10[0m
[0;32mI (1213) wifi:Init dynamic rx buffer num: 32[0m
[0;32mI (1223) wifi_init: rx ba win: 6[0m
[0;32mI (1223) wifi_init: accept mbox: 6[0m
[0;32mI (1223) wifi_init: tcpip mbox: 32[0m
[0;32mI (1223) wifi_init: udp mbox: 6[0m
[0;32mI (1233) wifi_init: tcp mbox: 6[0m
[0;32mI (1233) wifi_init: tcp tx win: 5760[0m
[0;32mI (1233) wifi_init: tcp rx win: 5760[0m
[0;32mI (1243) wifi_init: tcp mss: 1440[0m
[0;32mI (1243) wifi_init: WiFi IRAM OP enabled[0m
[0;32mI (1243) wifi_init: WiFi RX IRAM OP enabled[0m
[0;33mW (1253) wifi:Password length matches WPA2 standards, authmode threshold changes from OPEN to WPA2[0m
[0;32mI (1263) wifi:mode : sta (cc:7b:5c:f0:6f:dc)[0m
[0;32mI (1263) wifi:enable tsf[0m
[0;32mI (1263) wifi station: wifi_init_sta finished.[0m
[0;32mI (1273) wifi:new:<2,0>, old:<1,0>, ap:<255,255>, sta:<2,0>, prof:1, snd_ch_cfg:0x0[0m
[0;32mI (1283) wifi:state: init -> auth (0xb0)[0m
[0;32mI (1293) wifi:state: auth -> assoc (0x0)[0m
[0;32mI (1303) wifi:state: assoc -> run (0x10)[0m
[0;32mI (1323) wifi:connected with BaoNguyen, aid = 4, channel 2, BW20, bssid = 6a:95:a0:be:6c:14[0m
[0;32mI (1323) wifi:security: WPA2-PSK, phy: bgn, rssi: -31[0m
[0;32mI (1333) wifi:pm start, type: 1[0m

[0;32mI (1333) wifi:dp: 1, bi: 102400, li: 3, scale listen interval from 307200 us to 307200 us[0m
[0;32mI (1423) wifi:dp: 2, bi: 102400, li: 4, scale listen interval from 307200 us to 409600 us[0m
[0;32mI (1423) wifi:AP's beacon interval = 102400 us, DTIM period = 2[0m
[0;32mI (2363) esp_netif_handlers: sta ip: 10.102.75.222, mask: 255.255.255.0, gw: 10.102.75.214[0m
[0;32mI (2363) wifi station: got ip:10.102.75.222[0m
[0;32mI (2363) wifi station: connected to ap SSID:BaoNguyen password:30032004[0m
[0;32mI (2363) mqtts_example: [APP] Free memory: 121404 bytes[0m
[0;32mI (2373) mqtts_example: Other event id:7[0m
[0;32mI (2383) EXAMPLE_NVS: Open namespace done, name "mesh_example"[0m
[0;32mI (2393) wifi:<ba-add>idx:0 (ifx:0, 6a:95:a0:be:6c:14), tid:0, ssn:3, winSize:64[0m
[0;32mI (2483) EXAMPLE: ESP_BLE_MESH_PROV_REGISTER_COMP_EVT, err_code 0[0m
[0;32mI (2483) EXAMPLE_NVS: Restore, key "vendor_client", length 4[0m
[0;32mI (2483) EXAMPLE_NVS: Restore, data: 05 00 05 00[0m
[0;32mI (2483) EXAMPLE: Restore, server_addr 0x0005, vnd_tid 0x0005[0m
[0;32mI (2493) EXAMPLE: ESP_BLE_MESH_PROVISIONER_SET_DEV_UUID_MATCH_COMP_EVT, err_code 0[0m
[0;32mI (2503) EXAMPLE: ESP_BLE_MESH_PROVISIONER_PROV_ENABLE_COMP_EVT, err_code 0[0m
[0;32mI (2513) EXAMPLE: ESP_BLE_MESH_PROVISIONER_ADD_LOCAL_APP_KEY_COMP_EVT, err_code 0[0m
[0;32mI (2513) EXAMPLE: ESP_BLE_MESH_PROVISIONER_BIND_APP_KEY_TO_MODEL_COMP_EVT, err_code 0[0m
[0;32mI (2523) EXAMPLE: ESP BLE Mesh Provisioner initialized[0m
[0;32mI (2523) main_task: Returned from app_main()[0m
[0;32mI (10023) mqtts_example: MQTT_EVENT_CONNECTED[0m
[0;32mI (10033) mqtts_example: sent subscribe successful, msg_id=62937[0m
[0;32mI (10333) mqtts_example: MQTT_EVENT_SUBSCRIBED, msg_id=62937[0m
[0;32mI (33483) mqtts_example: MQTT_EVENT_DATA[0m
TOPIC=topic/command
DATA={"add":255,"price":99000,"barcode":"12345678","sale":20}
[0;32mI (33483) mqtts_example: Parsed OK: add=255 price=99000 barcode=12345678 sale=20% -> unit=79200, total=20196000[0m
[0;32mI (33493) EXAMPLE: SEND â†’ dst=0x00FF, TID=0x0006, price=99000, sale=20%, barcode13=0000012345678[0m
[1;31mE (33503) BLE_MESH: Failed to find DST 0x00ff[0m
[1;31mE (33503) BLE_MESH: Not ready to send[0m
[1;31mE (33503) BLE_MESH: Failed to send client message 0x00c002e5[0m
[1;31mE (33513) EXAMPLE: Failed to send message 0xc002e5[0m
[0;32mI (33513) EXAMPLE_NVS: Store, key "vendor_client", length 4[0m
[0;32mI (33523) EXAMPLE_NVS: Store, data: 05 00 06 00[0m
[0;32mI (33893) mqtts_example: MQTT_EVENT_DATA[0m
TOPIC=topic/command
DATA={"add":255,"price":99000,"barcode":"12345678","sale":20}
[0;32mI (33893) mqtts_example: Parsed OK: add=255 price=99000 barcode=12345678 sale=20% -> unit=79200, total=20196000[0m
[0;32mI (33903) EXAMPLE: SEND â†’ dst=0x00FF, TID=0x0007, price=99000, sale=20%, barcode13=0000012345678[0m
[1;31mE (33913) BLE_MESH: Failed to find DST 0x00ff[0m
[1;31mE (33913) BLE_MESH: Not ready to send[0m
[1;31mE (33913) BLE_MESH: Failed to send client message 0x00c002e5[0m
[1;31mE (33923) EXAMPLE: Failed to send message 0xc002e5[0m
[0;32mI (33923) EXAMPLE_NVS: Store, key "vendor_client", length 4[0m
[0;32mI (33933) EXAMPLE_NVS: Store, data: 05 00 07 00[0m
ets Jul 29 2019 12:21:46

rst:0x1 (POWERON_RESET),boot:0x17 (SPI_FAST_FLASH_BOOT)
configsip: 0, SPIWP:0xee
clk_drv:0x00,q_drv:0x00,d_drv:0x00,cs0_drv:0x00,hd_drv:0x00,wp_drv:0x00
mode:DIO, clock div:2
load:0x3fff0030,len:6276
load:0x40078000,len:15736
load:0x40080400,len:4
load:0x40080404,len:3860
entry 0x4008063c
[0;32mI (29) boot: ESP-IDF v5.4.2 2nd stage bootloader[0m
[0;32mI (29) boot: compile time Oct 15 2025 18:52:30[0m
[0;32mI (29) boot: Multicore bootloader[0m
[0;32mI (31) boot: chip revision: v3.1[0m
[0;32mI (34) boot.esp32: SPI Speed      : 40MHz[0m
[0;32mI (37) boot.esp32: SPI Mode       : DIO[0m
[0;32mI (41) boot.esp32: SPI Flash Size : 2MB[0m
[0;32mI (44) boot: Enabling RNG early entropy source...[0m
[0;32mI (49) boot: Partition Table:[0m
[0;32mI (51) boot: ## Label            Usage          Type ST Offset   Length[0m
[0;32mI (58) boot:  0 nvs              WiFi data        01 02 00009000 00006000[0m
[0;32mI (64) boot:  1 phy_init         RF data          01 01 0000f000 00001000[0m
[0;32mI (71) boot:  2 factory          factory app      00 00 00010000 00177000[0m
[0;32mI (77) boot: End of partition table[0m
[0;32mI (81) esp_image: segment 0: paddr=00010020 vaddr=3f400020 size=2ba24h (178724) map[0m
[0;32mI (149) esp_image: segment 1: paddr=0003ba4c vaddr=3ff80000 size=0001ch (    28) load[0m
[0;32mI (149) esp_image: segment 2: paddr=0003ba70 vaddr=3ffbdb60 size=045a8h ( 17832) load[0m
[0;32mI (160) esp_image: segment 3: paddr=00040020 vaddr=400d0020 size=96864h (616548) map[0m
[0;32mI (371) esp_image: segment 4: paddr=000d688c vaddr=3ffc2108 size=00be4h (  3044) load[0m
[0;32mI (373) esp_image: segment 5: paddr=000d7478 vaddr=40080000 size=18720h (100128) load[0m
[0;32mI (426) boot: Loaded app from partition at offset 0x10000[0m
[0;32mI (426) boot: Disabling RNG early entropy source...[0m
[0;32mI (437) cpu_start: Multicore app[0m
[0;32mI (445) cpu_start: Pro cpu start user code[0m
[0;32mI (445) cpu_start: cpu freq: 160000000 Hz[0m
[0;32mI (445) app_init: Application information:[0m
[0;32mI (445) app_init: Project name:     vendor_server[0m
[0;32mI (450) app_init: App version:      1[0m
[0;32mI (453) app_init: Compile time:     Oct 15 2025 18:52:06[0m
[0;32mI (458) app_init: ELF file SHA256:  78a0d6157...[0m
[0;32mI (462) app_init: ESP-IDF:          v5.4.2[0m
[0;32mI (466) efuse_init: Min chip rev:     v0.0[0m
[0;32mI (470) efuse_init: Max chip rev:     v3.99 [0m
[0;32mI (474) efuse_init: Chip rev:         v3.1[0m
[0;32mI (478) heap_init: Initializing. RAM available for dynamic allocation:[0m
[0;32mI (484) heap_init: At 3FFAFF10 len 000000F0 (0 KiB): DRAM[0m
[0;32mI (489) heap_init: At 3FFB6388 len 00001C78 (7 KiB): DRAM[0m
[0;32mI (494) heap_init: At 3FFB9A20 len 00004108 (16 KiB): DRAM[0m
[0;32mI (499) heap_init: At 3FFCAD70 len 00015290 (84 KiB): DRAM[0m
[0;32mI (505) heap_init: At 3FFE0440 len 00003AE0 (14 KiB): D/IRAM[0m
[0;32mI (510) heap_init: At 3FFE4350 len 0001BCB0 (111 KiB): D/IRAM[0m
[0;32mI (516) heap_init: At 40098720 len 000078E0 (30 KiB): IRAM[0m
[0;32mI (522) spi_flash: detected chip: generic[0m
[0;32mI (524) spi_flash: flash io: dio[0m
[0;33mW (527) spi_flash: Detected size(4096k) larger than the size in the binary image header(2048k). Using the size in the binary image header.[0m
[0;32mI (541) coexist: coex firmware version: 7b9a184[0m
[0;32mI (545) main_task: Started on CPU0[0m
[0;32mI (555) main_task: Calling app_main()[0m
[0;32mI (555) EXAMPLE: Initializing...[0m
[0;32mI (595) BTDM_INIT: BT controller compile version [b992c7d][0m
[0;32mI (595) BTDM_INIT: Bluetooth MAC: 00:4b:12:8f:62:c6[0m
[0;32mI (595) phy_init: phy_version 4860,6b7a6e5,Feb  6 2025,14:47:07[0m
[0;32mI (675) phy_init: Saving new calibration data due to checksum failure or outdated calibration data, mode(0)[0m
[0;32mI (1095) EXAMPLE: ESP_BLE_MESH_PROV_REGISTER_COMP_EVT, err_code 0[0m
[0;32mI (1105) EXAMPLE: ESP_BLE_MESH_NODE_PROV_ENABLE_COMP_EVT, err_code 0[0m
[0;32mI (1105) EXAMPLE: BLE Mesh Node initialized[0m
[   593][E][esp32-hal-gpio.c:177] __digitalWrite(): IO 5 is not set as GPIO. Execute digitalMode(5, OUTPUT) first.
[0;32mI (1125) gpio: GPIO[5]| InputEn: 1| OutputEn: 1| OpenDrain: 0| Pullup: 0| Pulldown: 0| Intr:0 [0m
[   613][E][esp32-hal-gpio.c:177] __digitalWrite(): IO 16 is not set as GPIO. Execute digitalMode(16, OUTPUT) first.
[0;32mI (1145) gpio: GPIO[16]| InputEn: 1| OutputEn: 1| OpenDrain: 0| Pullup: 0| Pulldown: 0| Intr:0 [0m
[0;32mI (1185) gpio: GPIO[18]| InputEn: 1| OutputEn: 1| OpenDrain: 0| Pullup: 0| Pulldown: 0| Intr:0 [0m
[0;32mI (1185) gpio: GPIO[19]| InputEn: 1| OutputEn: 0| OpenDrain: 0| Pullup: 0| Pulldown: 0| Intr:0 [0m
[0;32mI (1185) gpio: GPIO[23]| InputEn: 1| OutputEn: 1| OpenDrain: 0| Pullup: 0| Pulldown: 0| Intr:0 [0m
[0;32mI (1195) gpio: GPIO[16]| InputEn: 1| OutputEn: 1| OpenDrain: 0| Pullup: 0| Pulldown: 0| Intr:0 [0m
[0;32mI (1205) gpio: GPIO[5]| InputEn: 1| OutputEn: 1| OpenDrain: 0| Pullup: 0| Pulldown: 0| Intr:0 [0m
[   695][E][esp32-hal-gpio.c:177] __digitalWrite(): IO 17 is not set as GPIO. Execute digitalMode(17, OUTPUT) first.
[0;32mI (1235) gpio: GPIO[17]| InputEn: 1| OutputEn: 1| OpenDrain: 0| Pullup: 0| Pulldown: 0| Intr:0 [0m
[0;32mI (1235) gpio: GPIO[4]| InputEn: 1| OutputEn: 0| OpenDrain: 0| Pullup: 0| Pulldown: 0| Intr:0 [0m
[1;31mE (6575) task_wdt: Task watchdog got triggered. The following tasks/users did not reset the watchdog in time:[0m
[1;31mE (6575) task_wdt:  - IDLE0 (CPU 0)[0m
[1;31mE (6575) task_wdt: Tasks currently running:[0m
[1;31mE (6575) task_wdt: CPU 0: main[0m
[1;31mE (6575) task_wdt: CPU 1: IDLE1[0m
[1;31mE (6575) task_wdt: Print CPU 0 (current core) backtrace[0m


Backtrace: 0x401342C6:0x3FFBEF00 0x401346D0:0x3FFBEF20 0x40083AC5:0x3FFBEF50 0x400857B1:0x3FFBBA80 0x40092BEE:0x3FFBBAA0 0x400DE4C4:0x3FFBBAC0 0x400DD1CA:0x3FFBBAE0 0x400DDB37:0x3FFBBB00 0x400DDB64:0x3FFBBB20 0x400DCD9A:0x3FFBBB40 0x400DCF72:0x3FFBBB70 0x400DC3F0:0x3FFBBBE0 0x40164933:0x3FFBBC50 0x4009114E:0x3FFBBC80

[1;31mE (11575) task_wdt: Task watchdog got triggered. The following tasks/users did not reset the watchdog in time:[0m
[1;31mE (11575) task_wdt:  - IDLE0 (CPU 0)[0m
[1;31mE (11575) task_wdt: Tasks currently running:[0m
[1;31mE (11575) task_wdt: CPU 0: main[0m
[1;31mE (11575) task_wdt: CPU 1: IDLE1[0m
[1;31mE (11575) task_wdt: Print CPU 0 (current core) backtrace[0m


Backtrace: 0x401342C6:0x3FFBEF00 0x401346D0:0x3FFBEF20 0x40083AC5:0x3FFBEF50 0x4009162C:0x3FFBBAA0 0x400DE45F:0x3FFBBAC0 0x400DD1F0:0x3FFBBAE0 0x400DDB37:0x3FFBBB00 0x400DDB64:0x3FFBBB20 0x400DCD9A:0x3FFBBB40 0x400DCF72:0x3FFBBB70 0x400DC3F0:0x3FFBBBE0 0x40164933:0x3FFBBC50 0x4009114E:0x3FFBBC80

[1;31mE (16575) task_wdt: Task watchdog got triggered. The following tasks/users did not reset the watchdog in time:[0m
[1;31mE (16575) task_wdt:  - IDLE0 (CPU 0)[0m
[1;31mE (16575) task_wdt: Tasks currently running:[0m
[1;31mE (16575) task_wdt: CPU 0: main[0m
[1;31mE (16575) task_wdt: CPU 1: IDLE1[0m
[1;31mE (16575) task_wdt: Print CPU 0 (current core) backtrace[0m


Backtrace: 0x401342C6:0x3FFBEF00 0x401346D0:0x3FFBEF20 0x40083AC5:0x3FFBEF50 0x4008E21D:0x3FFBBAA0 0x400DE45F:0x3FFBBAC0 0x400DD1F0:0x3FFBBAE0 0x400DDB37:0x3FFBBB00 0x400DDB64:0x3FFBBB20 0x400DCD9A:0x3FFBBB40 0x400DCF72:0x3FFBBB70 0x400DC3F0:0x3FFBBBE0 0x40164933:0x3FFBBC50 0x4009114E:0x3FFBBC80

[1;31mE (21575) task_wdt: Task watchdog got triggered. The following tasks/users did not reset the watchdog in time:[0m
[1;31mE (21575) task_wdt:  - IDLE0 (CPU 0)[0m
[1;31mE (21575) task_wdt: Tasks currently running:[0m
[1;31mE (21575) task_wdt: CPU 0: main[0m
[1;31mE (21575) task_wdt: CPU 1: IDLE1[0m
[1;31mE (21575) task_wdt: Print CPU 0 (current core) backtrace[0m


Backtrace: 0x401342C6:0x3FFBEF00 0x401346D0:0x3FFBEF20 0x40083AC5:0x3FFBEF50 0x40082FD9:0x3FFBBA80 0x40082FE7:0x3FFBBAA0 0x400DE497:0x3FFBBAC0 0x400DD1D9:0x3FFBBAE0 0x400DDB37:0x3FFBBB00 0x400DDB64:0x3FFBBB20 0x400DCD9A:0x3FFBBB40 0x400DCF72:0x3FFBBB70 0x400DC3F0:0x3FFBBBE0 0x40164933:0x3FFBBC50 0x4009114E:0x3FFBBC80

[1;31mE (26575) task_wdt: Task watchdog got triggered. The following tasks/users did not reset the watchdog in time:[0m
[1;31mE (26575) task_wdt:  - IDLE0 (CPU 0)[0m
[1;31mE (26575) task_wdt: Tasks currently running:[0m
[1;31mE (26575) task_wdt: CPU 0: main[0m
[1;31mE (26575) task_wdt: CPU 1: IDLE1[0m
[1;31mE (26575) task_wdt: Print CPU 0 (current core) backtrace[0m


Backtrace: 0x401342C6:0x3FFBEF00 0x401346D0:0x3FFBEF20 0x40083AC5:0x3FFBEF50 0x4009162C:0x3FFBBAA0 0x400DE45F:0x3FFBBAC0 0x400DD1F0:0x3FFBBAE0 0x400DDB37:0x3FFBBB00 0x400DDB64:0x3FFBBB20 0x400DCD9A:0x3FFBBB40 0x400DCF72:0x3FFBBB70 0x400DC3F0:0x3FFBBBE0 0x40164933:0x3FFBBC50 0x4009114E:0x3FFBBC80

[0;32mI (30835) EXAMPLE: ESP_BLE_MESH_NODE_PROV_LINK_OPEN_EVT, bearer PB-GATT[0m
[0;32mI (31375) EXAMPLE: ESP_BLE_MESH_NODE_PROV_LINK_CLOSE_EVT, bearer PB-GATT[0m
[0;32mI (31375) EXAMPLE: ESP_BLE_MESH_NODE_PROV_COMPLETE_EVT[0m
[0;32mI (31375) EXAMPLE: net_idx 0x000, addr 0x0005[0m
[0;32mI (31375) EXAMPLE: flags 0x00, iv_index 0x00000000[0m
[0;32mI (31385) EXAMPLE: === MY UNICAST ADDR: 0x0005 ===[0m
[0;33mW (31435) BT_HCI: hcif disc complete: hdl 0x0, rsn 0x13 dev_find 1[0m
[1;31mE (31575) task_wdt: Task watchdog got triggered. The following tasks/users did not reset the watchdog in time:[0m
[1;31mE (31575) task_wdt:  - IDLE0 (CPU 0)[0m
[1;31mE (31575) task_wdt: Tasks currently running:[0m
[1;31mE (31575) task_wdt: CPU 0: main[0m
[1;31mE (31575) task_wdt: CPU 1: IDLE1[0m
[1;31mE (31575) task_wdt: Print CPU 0 (current core) backtrace[0m


Backtrace: 0x401342C6:0x3FFBEF00 0x401346D0:0x3FFBEF20 0x40083AC5:0x3FFBEF50 0x4009162C:0x3FFBBAA0 0x400DE45F:0x3FFBBAC0 0x400DD1F0:0x3FFBBAE0 0x400DDB37:0x3FFBBB00 0x400DDB64:0x3FFBBB20 0x400DCD9A:0x3FFBBB40 0x400DCF72:0x3FFBBB70 0x400DC3F0:0x3FFBBBE0 0x40164933:0x3FFBBC50 0x4009114E:0x3FFBBC80

[0;32mI (31845) main_task: Returned from app_main()[0m
[0;32mI (31915) EXAMPLE: ESP_BLE_MESH_MODEL_OP_APP_KEY_ADD[0m
[0;32mI (31915) EXAMPLE: net_idx 0x0000, app_idx 0x0000[0m
[0;32mI (31915) AppKey: 12 12 12 12 12 12 12 12 12 12 12 12 12 12 12 12[0m
[0;32mI (32115) EXAMPLE: ESP_BLE_MESH_MODEL_OP_MODEL_APP_BIND[0m
[0;32mI (32115) EXAMPLE: elem_addr 0x0005, app_idx 0x0000, cid 0x02e5, mod_id 0x0001[0m
